
  OWA STORM WATER MANAGEMENT MODEL - VERSION v5.2.3 (OWA 2023-06-06)
  ------------------------------------------------------------

  
  *************
  Element Count
  *************
  Number of rain gages ...... 4
  Number of subcatchments ... 23
  Number of nodes ........... 34
  Number of links ........... 33
  Number of pollutants ...... 0
  Number of land uses ....... 0
  
  
  ****************
  Raingage Summary
  ****************
                                                      Data       Recording
  Name                 Data Source                    Type       Interval 
  ------------------------------------------------------------------------
  Huff_(50-400_sq._mi.)_Second_quartile_6mm Huff_(50-400_sq._mi.)_Second_quartile_6mm INTENSITY   60 min.
  Hurricane_Hazel_(0-25) Hurricane_Hazel_(0-25)         INTENSITY   60 min.
  SCS_Type_I_10mm      SCS_Type_I_10mm                INTENSITY    6 min.
  SCS_Type_I_6mm       SCS_Type_I_6mm                 INTENSITY    6 min.
  
  
  ********************
  Subcatchment Summary
  ********************
  Name                       Area     Width   %Imperv    %Slope Rain Gage            Outlet              
  -----------------------------------------------------------------------------------------------------------
  S1                       120.00    500.00    100.00    0.5000 Huff_(50-400_sq._mi.)_Second_quartile_6mm J1_1                
  S10                       25.00   1000.00    100.00    0.5000 Huff_(50-400_sq._mi.)_Second_quartile_6mm J2_9                
  S11                       25.00   1000.00    100.00    0.5000 Huff_(50-400_sq._mi.)_Second_quartile_6mm J2_10               
  S12                       25.00   1000.00    100.00    0.5000 Huff_(50-400_sq._mi.)_Second_quartile_6mm J2_16               
  S13                       25.00   1000.00    100.00    0.5000 Huff_(50-400_sq._mi.)_Second_quartile_6mm J2_6                
  S14                       25.00   1000.00    100.00    0.5000 Huff_(50-400_sq._mi.)_Second_quartile_6mm J2_8                
  S15                       25.00   1000.00    100.00    0.5000 Huff_(50-400_sq._mi.)_Second_quartile_6mm J2_17               
  S16                       80.00    500.00    100.00    0.5000 Huff_(50-400_sq._mi.)_Second_quartile_6mm J3_1                
  S17                       80.00    500.00    100.00    0.5000 Huff_(50-400_sq._mi.)_Second_quartile_6mm J3_3                
  S2                       120.00    500.00    100.00    0.5000 Huff_(50-400_sq._mi.)_Second_quartile_6mm J1_2                
  S22                       25.00   1000.00    100.00    0.5000 Huff_(50-400_sq._mi.)_Second_quartile_6mm J2_12               
  S23                       25.00   1000.00    100.00    0.5000 Huff_(50-400_sq._mi.)_Second_quartile_6mm J2_14               
  S24                       25.00   1000.00    100.00    0.5000 Huff_(50-400_sq._mi.)_Second_quartile_6mm J2_15               
  S25                       25.00   1000.00    100.00    0.5000 Huff_(50-400_sq._mi.)_Second_quartile_6mm J2_13               
  S26                       25.00   1000.00    100.00    0.5000 Huff_(50-400_sq._mi.)_Second_quartile_6mm J2_11               
  S3                       120.00    500.00    100.00    0.5000 Huff_(50-400_sq._mi.)_Second_quartile_6mm J1_3                
  S34                       80.00    500.00    100.00    0.5000 Huff_(50-400_sq._mi.)_Second_quartile_6mm J3_2                
  S4                        25.00   1000.00    100.00    0.5000 Huff_(50-400_sq._mi.)_Second_quartile_6mm J2_1                
  S5                        25.00   1000.00    100.00    0.5000 Huff_(50-400_sq._mi.)_Second_quartile_6mm J2_2                
  S6                        25.00   1000.00    100.00    0.5000 Huff_(50-400_sq._mi.)_Second_quartile_6mm J2_3                
  S7                        25.00   1000.00    100.00    0.5000 Huff_(50-400_sq._mi.)_Second_quartile_6mm J2_5                
  S8                        25.00   1000.00    100.00    0.5000 Huff_(50-400_sq._mi.)_Second_quartile_6mm J2_4                
  S9                        25.00   1000.00    100.00    0.5000 Huff_(50-400_sq._mi.)_Second_quartile_6mm J2_7                
  
  
  ************
  Node Summary
  ************
                                           Invert      Max.    Ponded    External
  Name                 Type                 Elev.     Depth      Area    Inflow  
  -------------------------------------------------------------------------------
  J1_1                 JUNCTION             10.48      1.00       0.0
  J1_2                 JUNCTION             10.32      1.00       0.0
  J1_3                 JUNCTION             10.16      1.00       0.0
  J2_1                 JUNCTION             11.92      1.00       0.0
  J2_10                JUNCTION             10.96      1.00       0.0
  J2_11                JUNCTION             11.12      1.00       0.0
  J2_12                JUNCTION             11.28      1.00       0.0
  J2_13                JUNCTION             11.44      1.00       0.0
  J2_14                JUNCTION             11.60      1.00       0.0
  J2_15                JUNCTION             10.80      1.50       0.0
  J2_16                JUNCTION             10.96      1.00       0.0
  J2_17                JUNCTION             10.40      1.50       0.0
  J2_2                 JUNCTION             11.76      1.00       0.0
  J2_3                 JUNCTION             11.60      1.00       0.0
  J2_4                 JUNCTION             11.44      1.00       0.0
  J2_5                 JUNCTION             11.60      1.00       0.0
  J2_6                 JUNCTION             11.76      1.00       0.0
  J2_7                 JUNCTION             11.92      1.00       0.0
  J2_8                 JUNCTION             11.28      1.00       0.0
  J2_9                 JUNCTION             11.12      1.00       0.0
  J3_1                 JUNCTION             10.32      1.00       0.0
  J3_2                 JUNCTION             10.32      1.00       0.0
  J3_3                 JUNCTION             10.16      1.00       0.0
  JI_1                 JUNCTION              4.80      1.50       0.0
  JI_2                 JUNCTION              3.20      1.50       0.0
  JI_3                 JUNCTION              1.60      1.50       0.0
  SU1                  JUNCTION             10.00      2.00       0.0
  SU2                  JUNCTION             10.00      3.00       0.0
  SU3                  JUNCTION             10.00      2.00       0.0
  WWTP                 JUNCTION              0.00      3.00       0.0
  OF_WWTP              OUTFALL               0.00      0.00       0.0
  OF1                  OUTFALL               0.00      0.00       0.0
  OF2                  OUTFALL               0.00      0.00       0.0
  OF3                  OUTFALL               0.00      0.00       0.0
  
  
  ************
  Link Summary
  ************
  Name             From Node        To Node          Type            Length    %Slope Roughness
  ---------------------------------------------------------------------------------------------
  C1_1             J1_1             J1_2             CONDUIT          200.0    0.0800    0.0130
  C1_2             J1_2             J1_3             CONDUIT          200.0    0.0800    0.0130
  C1_3             J1_3             SU1              CONDUIT          200.0    0.0800    0.0130
  C2_1             J2_1             J2_2             CONDUIT          200.0    0.0800    0.0130
  C2_10            J2_14            J2_13            CONDUIT          200.0    0.0800    0.0130
  C2_11            J2_13            J2_12            CONDUIT          200.0    0.0800    0.0130
  C2_12            J2_12            J2_11            CONDUIT          200.0    0.0800    0.0130
  C2_13            J2_11            J2_10            CONDUIT          200.0    0.0800    0.0130
  C2_14            J2_10            J2_15            CONDUIT          200.0    0.0800    0.0130
  C2_15            J2_16            J2_15            CONDUIT          200.0    0.0800    0.0130
  C2_16            J2_15            J2_17            CONDUIT          500.0    0.0800    0.0130
  C2_17            J2_17            SU2              CONDUIT          500.0    0.0800    0.0130
  C2_2             J2_2             J2_3             CONDUIT          200.0    0.0800    0.0130
  C2_3             J2_3             J2_4             CONDUIT          200.0    0.0800    0.0130
  C2_4             J2_5             J2_4             CONDUIT          200.0    0.0800    0.0130
  C2_5             J2_6             J2_5             CONDUIT          200.0    0.0800    0.0130
  C2_6             J2_7             J2_6             CONDUIT          200.0    0.0800    0.0130
  C2_7             J2_4             J2_8             CONDUIT          200.0    0.0800    0.0130
  C2_8             J2_8             J2_9             CONDUIT          200.0    0.0800    0.0130
  C2_9             J2_9             J2_10            CONDUIT          200.0    0.0800    0.0130
  C3_1             J3_3             SU3              CONDUIT          200.0    0.0800    0.0130
  C3_2             J3_2             J3_3             CONDUIT          200.0    0.0800    0.0130
  C3_3             J3_1             J3_3             CONDUIT          200.0    0.0800    0.0130
  CI_1             JI_1             JI_2             CONDUIT         2000.0    0.0800    0.0130
  CI_2             JI_2             JI_3             CONDUIT         2000.0    0.0800    0.0130
  CI_3             JI_3             WWTP             CONDUIT         2000.0    0.0800    0.0130
  CSO1             SU1              OF1              ORIFICE     
  CSO2             SU2              OF2              ORIFICE     
  CSO3             SU3              OF3              ORIFICE     
  OR_WWTP          WWTP             OF_WWTP          ORIFICE     
  OR1              SU1              JI_1             ORIFICE     
  OR2              SU2              JI_2             ORIFICE     
  OR3              SU3              JI_3             ORIFICE     
  
  
  *********************
  Cross Section Summary
  *********************
                                        Full     Full     Hyd.     Max.   No. of     Full
  Conduit          Shape               Depth     Area     Rad.    Width  Barrels     Flow
  ---------------------------------------------------------------------------------------
  C1_1             CIRCULAR             1.00     0.79     0.25     1.00        1     0.68
  C1_2             CIRCULAR             1.00     0.79     0.25     1.00        1     0.68
  C1_3             CIRCULAR             1.00     0.79     0.25     1.00        1     0.68
  C2_1             CIRCULAR             1.00     0.79     0.25     1.00        1     0.68
  C2_10            CIRCULAR             1.00     0.79     0.25     1.00        1     0.68
  C2_11            CIRCULAR             1.00     0.79     0.25     1.00        1     0.68
  C2_12            CIRCULAR             1.00     0.79     0.25     1.00        1     0.68
  C2_13            CIRCULAR             1.00     0.79     0.25     1.00        1     0.68
  C2_14            CIRCULAR             1.00     0.79     0.25     1.00        1     0.68
  C2_15            CIRCULAR             1.00     0.79     0.25     1.00        1     0.68
  C2_16            CIRCULAR             1.50     1.77     0.38     1.50        1     2.00
  C2_17            CIRCULAR             1.50     1.77     0.38     1.50        1     2.00
  C2_2             CIRCULAR             1.00     0.79     0.25     1.00        1     0.68
  C2_3             CIRCULAR             1.00     0.79     0.25     1.00        1     0.68
  C2_4             CIRCULAR             1.00     0.79     0.25     1.00        1     0.68
  C2_5             CIRCULAR             1.00     0.79     0.25     1.00        1     0.68
  C2_6             CIRCULAR             1.00     0.79     0.25     1.00        1     0.68
  C2_7             CIRCULAR             1.00     0.79     0.25     1.00        1     0.68
  C2_8             CIRCULAR             1.00     0.79     0.25     1.00        1     0.68
  C2_9             CIRCULAR             1.00     0.79     0.25     1.00        1     0.68
  C3_1             CIRCULAR             1.00     0.79     0.25     1.00        1     0.68
  C3_2             CIRCULAR             1.00     0.79     0.25     1.00        1     0.68
  C3_3             CIRCULAR             1.00     0.79     0.25     1.00        1     0.68
  CI_1             CIRCULAR             1.50     1.77     0.38     1.50        1     2.00
  CI_2             CIRCULAR             1.50     1.77     0.38     1.50        1     2.00
  CI_3             CIRCULAR             1.50     1.77     0.38     1.50        1     2.00
  
  
  ****************
  Analysis Options
  ****************
  Flow Units ............... CMS
  Process Models:
    Rainfall/Runoff ........ YES
    RDII ................... NO
    Snowmelt ............... NO
    Groundwater ............ NO
    Flow Routing ........... YES
    Ponding Allowed ........ NO
    Water Quality .......... NO
  Infiltration Method ...... HORTON
  Flow Routing Method ...... DYNWAVE
  Surcharge Method ......... EXTRAN
  Starting Date ............ 05/15/2023 00:00:00
  Ending Date .............. 05/17/2023 00:00:00
  Antecedent Dry Days ...... 0.0
  Report Time Step ......... 00:05:00
  Wet Time Step ............ 00:05:00
  Dry Time Step ............ 00:05:00
  Routing Time Step ........ 300.00 sec
  Variable Time Step ....... NO
  Maximum Trials ........... 8
  Number of Threads ........ 4
  Head Tolerance ........... 0.001500 m
  
  
  **************************        Volume         Depth
  Runoff Quantity Continuity     hectare-m            mm
  **************************     ---------       -------
  Total Precipitation ......         6.150         6.000
  Evaporation Loss .........         0.000         0.000
  Infiltration Loss ........         0.000         0.000
  Surface Runoff ...........         6.032         5.885
  Final Storage ............         0.118         0.115
  Continuity Error (%) .....        -0.005
  
  
  **************************        Volume        Volume
  Flow Routing Continuity        hectare-m      10^6 ltr
  **************************     ---------     ---------
  Dry Weather Inflow .......         0.000         0.000
  Wet Weather Inflow .......         6.032        60.316
  Groundwater Inflow .......         0.000         0.000
  RDII Inflow ..............         0.000         0.000
  External Inflow ..........         0.000         0.000
  External Outflow .........         5.988        59.880
  Flooding Loss ............         0.000         0.000
  Evaporation Loss .........         0.000         0.000
  Exfiltration Loss ........         0.000         0.000
  Initial Stored Volume ....         0.000         0.000
  Final Stored Volume ......         0.034         0.341
  Continuity Error (%) .....         0.157
  
  
  *************************
  Highest Continuity Errors
  *************************
  Node J3_3 (-1.29%)
  Node SU3 (1.17%)
  
  
  ********************************
  Highest Flow Instability Indexes
  ********************************
  Link C2_15 (40)
  Link C3_2 (20)
  Link C3_3 (20)
  Link C2_13 (19)
  Link C1_1 (17)
  
  
  *********************************
  Most Frequent Nonconverging Nodes
  *********************************
  Node OF_WWTP (12.85%)
  Node OF1 (12.85%)
  Node OF2 (12.85%)
  Node OF3 (12.85%)
  Node J3_2 (10.24%)
  
  
  *************************
  Routing Time Step Summary
  *************************
  Minimum Time Step           :   300.00 sec
  Average Time Step           :   300.00 sec
  Maximum Time Step           :   300.00 sec
  % of Time in Steady State   :     0.00
  Average Iterations per Step :     3.26
  % of Steps Not Converging   :    12.85
  
  
  ***************************
  Subcatchment Runoff Summary
  ***************************
  
  ------------------------------------------------------------------------------------------------------------------------------
                            Total      Total      Total      Total     Imperv       Perv      Total       Total     Peak  Runoff
                           Precip      Runon       Evap      Infil     Runoff     Runoff     Runoff      Runoff   Runoff   Coeff
  Subcatchment                 mm         mm         mm         mm         mm         mm         mm    10^6 ltr      CMS
  ------------------------------------------------------------------------------------------------------------------------------
  S1                         6.00       0.00       0.00       0.00       5.78       0.00       5.78        6.93     0.14   0.963
  S10                        6.00       0.00       0.00       0.00       5.99       0.00       5.99        1.50     0.04   0.998
  S11                        6.00       0.00       0.00       0.00       5.99       0.00       5.99        1.50     0.04   0.998
  S12                        6.00       0.00       0.00       0.00       5.99       0.00       5.99        1.50     0.04   0.998
  S13                        6.00       0.00       0.00       0.00       5.99       0.00       5.99        1.50     0.04   0.998
  S14                        6.00       0.00       0.00       0.00       5.99       0.00       5.99        1.50     0.04   0.998
  S15                        6.00       0.00       0.00       0.00       5.99       0.00       5.99        1.50     0.04   0.998
  S16                        6.00       0.00       0.00       0.00       5.87       0.00       5.87        4.69     0.11   0.978
  S17                        6.00       0.00       0.00       0.00       5.87       0.00       5.87        4.69     0.11   0.978
  S2                         6.00       0.00       0.00       0.00       5.78       0.00       5.78        6.93     0.14   0.963
  S22                        6.00       0.00       0.00       0.00       5.99       0.00       5.99        1.50     0.04   0.998
  S23                        6.00       0.00       0.00       0.00       5.99       0.00       5.99        1.50     0.04   0.998
  S24                        6.00       0.00       0.00       0.00       5.99       0.00       5.99        1.50     0.04   0.998
  S25                        6.00       0.00       0.00       0.00       5.99       0.00       5.99        1.50     0.04   0.998
  S26                        6.00       0.00       0.00       0.00       5.99       0.00       5.99        1.50     0.04   0.998
  S3                         6.00       0.00       0.00       0.00       5.78       0.00       5.78        6.93     0.14   0.963
  S34                        6.00       0.00       0.00       0.00       5.87       0.00       5.87        4.69     0.11   0.978
  S4                         6.00       0.00       0.00       0.00       5.99       0.00       5.99        1.50     0.04   0.998
  S5                         6.00       0.00       0.00       0.00       5.99       0.00       5.99        1.50     0.04   0.998
  S6                         6.00       0.00       0.00       0.00       5.99       0.00       5.99        1.50     0.04   0.998
  S7                         6.00       0.00       0.00       0.00       5.99       0.00       5.99        1.50     0.04   0.998
  S8                         6.00       0.00       0.00       0.00       5.99       0.00       5.99        1.50     0.04   0.998
  S9                         6.00       0.00       0.00       0.00       5.99       0.00       5.99        1.50     0.04   0.998
  
  
  ******************
  Node Depth Summary
  ******************
  
  ---------------------------------------------------------------------------------
                                 Average  Maximum  Maximum  Time of Max    Reported
                                   Depth    Depth      HGL   Occurrence   Max Depth
  Node                 Type       Meters   Meters   Meters  days hr:min      Meters
  ---------------------------------------------------------------------------------
  J1_1                 JUNCTION     0.15     0.45    10.93     0  11:30        0.45
  J1_2                 JUNCTION     0.21     0.59    10.91     0  12:30        0.59
  J1_3                 JUNCTION     0.27     0.71    10.87     0  12:40        0.71
  J2_1                 JUNCTION     0.06     0.16    12.08     0  10:05        0.16
  J2_10                JUNCTION     0.22     0.64    11.60     0  09:50        0.64
  J2_11                JUNCTION     0.14     0.50    11.62     0  10:05        0.50
  J2_12                JUNCTION     0.11     0.36    11.64     0  10:05        0.36
  J2_13                JUNCTION     0.08     0.24    11.68     0  10:10        0.24
  J2_14                JUNCTION     0.06     0.16    11.76     0  10:05        0.16
  J2_15                JUNCTION     0.20     0.57    11.37     0  10:10        0.57
  J2_16                JUNCTION     0.11     0.42    11.38     0  10:35        0.42
  J2_17                JUNCTION     0.23     0.69    11.09     0  10:55        0.69
  J2_2                 JUNCTION     0.08     0.23    11.99     0  10:05        0.23
  J2_3                 JUNCTION     0.10     0.33    11.93     0  10:15        0.33
  J2_4                 JUNCTION     0.15     0.45    11.89     0  09:55        0.45
  J2_5                 JUNCTION     0.10     0.33    11.93     0  10:15        0.33
  J2_6                 JUNCTION     0.08     0.23    11.99     0  10:05        0.23
  J2_7                 JUNCTION     0.06     0.16    12.08     0  10:05        0.16
  J2_8                 JUNCTION     0.17     0.50    11.78     0  10:05        0.50
  J2_9                 JUNCTION     0.18     0.56    11.68     0  10:05        0.56
  J3_1                 JUNCTION     0.14     0.54    10.86     0  11:55        0.54
  J3_2                 JUNCTION     0.14     0.54    10.86     0  11:55        0.54
  J3_3                 JUNCTION     0.22     0.73    10.89     0  12:00        0.73
  JI_1                 JUNCTION     0.20     0.40     5.20     0  12:00        0.40
  JI_2                 JUNCTION     0.28     0.61     3.81     0  11:50        0.61
  JI_3                 JUNCTION     0.35     0.72     2.32     0  12:10        0.72
  SU1                  JUNCTION     0.26     0.78    10.78     0  11:55        0.78
  SU2                  JUNCTION     0.25     1.00    11.00     0  10:40        1.00
  SU3                  JUNCTION     0.21     0.77    10.77     0  12:10        0.77
  WWTP                 JUNCTION     0.51     1.92     1.92     0  12:25        1.92
  OF_WWTP              OUTFALL      0.00     0.00     0.00     0  00:00        0.00
  OF1                  OUTFALL      0.00     0.00     0.00     0  00:00        0.00
  OF2                  OUTFALL      0.00     0.00     0.00     0  00:00        0.00
  OF3                  OUTFALL      0.00     0.00     0.00     0  00:00        0.00
  
  
  *******************
  Node Inflow Summary
  *******************
  
  -------------------------------------------------------------------------------------------------
                                  Maximum  Maximum                  Lateral       Total        Flow
                                  Lateral    Total  Time of Max      Inflow      Inflow     Balance
                                   Inflow   Inflow   Occurrence      Volume      Volume       Error
  Node                 Type           CMS      CMS  days hr:min    10^6 ltr    10^6 ltr     Percent
  -------------------------------------------------------------------------------------------------
  J1_1                 JUNCTION     0.144    0.144     0  12:05        6.93        6.93      -0.060
  J1_2                 JUNCTION     0.144    0.357     0  11:55        6.93        13.9       0.161
  J1_3                 JUNCTION     0.144    0.486     0  11:50        6.93        20.8       0.102
  J2_1                 JUNCTION     0.038    0.038     0  10:05         1.5         1.5      -0.030
  J2_10                JUNCTION     0.038    0.532     0  10:30         1.5          21      -0.019
  J2_11                JUNCTION     0.038    0.153     0  10:05         1.5        5.99       0.026
  J2_12                JUNCTION     0.038    0.114     0  10:00         1.5        4.49      -0.017
  J2_13                JUNCTION     0.038    0.076     0  10:05         1.5        2.99      -0.000
  J2_14                JUNCTION     0.038    0.038     0  10:05         1.5         1.5      -0.030
  J2_15                JUNCTION     0.038    0.645     0  10:05         1.5        23.9      -0.153
  J2_16                JUNCTION     0.038    0.038     0  10:05         1.5         1.5       2.819
  J2_17                JUNCTION     0.038    0.651     0  10:10         1.5        25.5       0.017
  J2_2                 JUNCTION     0.038    0.076     0  10:05         1.5        2.99      -0.002
  J2_3                 JUNCTION     0.038    0.114     0  10:00         1.5        4.49      -0.010
  J2_4                 JUNCTION     0.038    0.267     0  09:50         1.5        10.5       0.009
  J2_5                 JUNCTION     0.038    0.114     0  10:00         1.5        4.49      -0.010
  J2_6                 JUNCTION     0.038    0.076     0  10:05         1.5        2.99      -0.002
  J2_7                 JUNCTION     0.038    0.038     0  10:05         1.5         1.5      -0.030
  J2_8                 JUNCTION     0.038    0.305     0  10:00         1.5          12       0.001
  J2_9                 JUNCTION     0.038    0.342     0  10:10         1.5        13.5       0.010
  J3_1                 JUNCTION     0.106    0.220     0  11:50        4.69        4.76       0.713
  J3_2                 JUNCTION     0.106    0.220     0  11:50        4.69        4.76       0.713
  J3_3                 JUNCTION     0.106    0.710     0  11:55        4.69        14.2      -1.275
  JI_1                 JUNCTION     0.000    0.321     0  11:55           0        18.5       0.273
  JI_2                 JUNCTION     0.000    0.701     0  11:30           0        38.2       0.095
  JI_3                 JUNCTION     0.000    0.955     0  12:10           0        51.1       0.319
  SU1                  JUNCTION     0.000    0.511     0  12:05           0        20.7      -0.010
  SU2                  JUNCTION     0.000    0.643     0  10:35           0        25.4       0.057
  SU3                  JUNCTION     0.000    0.924     0  12:05           0        14.3       1.180
  WWTP                 JUNCTION     0.000    0.933     0  12:25           0        50.9       0.156
  OF_WWTP              OUTFALL      0.000    0.933     0  12:15           0        50.8       0.000
  OF1                  OUTFALL      0.000    0.122     0  11:55           0        2.21       0.000
  OF2                  OUTFALL      0.000    0.252     0  10:40           0        5.67       0.000
  OF3                  OUTFALL      0.000    0.117     0  12:10           0        1.15       0.000
  
  
  **********************
  Node Surcharge Summary
  **********************
  
  Surcharging occurs when water rises above the top of the highest conduit.
  ---------------------------------------------------------------------
                                               Max. Height   Min. Depth
                                   Hours       Above Crown    Below Rim
  Node                 Type      Surcharged         Meters       Meters
  ---------------------------------------------------------------------
  WWTP                 JUNCTION        5.33          0.425        1.075
  
  
  *********************
  Node Flooding Summary
  *********************
  
  No nodes were flooded.
  
  
  ***********************
  Outfall Loading Summary
  ***********************
  
  -----------------------------------------------------------
                         Flow       Avg       Max       Total
                         Freq      Flow      Flow      Volume
  Outfall Node           Pcnt       CMS       CMS    10^6 ltr
  -----------------------------------------------------------
  OF_WWTP               94.97     0.310     0.933      50.846
  OF1                   21.18     0.061     0.122       2.215
  OF2                   20.66     0.159     0.252       5.671
  OF3                   15.62     0.043     0.117       1.148
  -----------------------------------------------------------
  System                38.11     0.572     1.397      59.880
  
  
  ********************
  Link Flow Summary
  ********************
  
  -----------------------------------------------------------------------------
                                 Maximum  Time of Max   Maximum    Max/    Max/
                                  |Flow|   Occurrence   |Veloc|    Full    Full
  Link                 Type          CMS  days hr:min     m/sec    Flow   Depth
  -----------------------------------------------------------------------------
  C1_1                 CONDUIT     0.213     0  11:55      0.60    0.31    0.51
  C1_2                 CONDUIT     0.346     0  13:25      0.70    0.51    0.64
  C1_3                 CONDUIT     0.511     0  12:05      0.80    0.75    0.76
  C2_1                 CONDUIT     0.038     0  10:05      0.35    0.06    0.19
  C2_10                CONDUIT     0.038     0  10:05      0.35    0.06    0.20
  C2_11                CONDUIT     0.076     0  10:00      0.43    0.11    0.30
  C2_12                CONDUIT     0.115     0  10:35      0.41    0.17    0.43
  C2_13                CONDUIT     0.154     0  11:00      0.34    0.23    0.57
  C2_14                CONDUIT     0.532     0  10:10      1.08    0.78    0.60
  C2_15                CONDUIT     0.077     0  10:45      0.20    0.11    0.49
  C2_16                CONDUIT     0.613     0  10:10      0.93    0.31    0.42
  C2_17                CONDUIT     0.643     0  10:35      0.89    0.32    0.56
  C2_2                 CONDUIT     0.076     0  10:10      0.44    0.11    0.28
  C2_3                 CONDUIT     0.115     0  09:50      0.41    0.17    0.39
  C2_4                 CONDUIT     0.115     0  09:50      0.41    0.17    0.39
  C2_5                 CONDUIT     0.076     0  10:10      0.44    0.11    0.28
  C2_6                 CONDUIT     0.038     0  10:05      0.35    0.06    0.19
  C2_7                 CONDUIT     0.267     0  10:00      0.73    0.39    0.47
  C2_8                 CONDUIT     0.304     0  10:10      0.72    0.45    0.53
  C2_9                 CONDUIT     0.342     0  10:05      0.70    0.50    0.60
  C3_1                 CONDUIT     0.924     0  12:05      1.56    1.36    0.71
  C3_2                 CONDUIT     0.303     0  11:55      0.70    0.45    0.56
  C3_3                 CONDUIT     0.303     0  11:55      0.70    0.45    0.56
  CI_1                 CONDUIT     0.318     0  12:15      0.61    0.16    0.34
  CI_2                 CONDUIT     0.699     0  11:50      0.92    0.35    0.45
  CI_3                 CONDUIT     0.933     0  12:25      1.01    0.47    0.74
  CSO1                 ORIFICE     0.122     0  11:55                      0.75
  CSO2                 ORIFICE     0.252     0  10:40                      1.00
  CSO3                 ORIFICE     0.117     0  12:10                      0.67
  OR_WWTP              ORIFICE     0.933     0  12:15                      0.50
  OR1                  ORIFICE     0.321     0  11:55                      1.00
  OR2                  ORIFICE     0.431     0  06:45                      0.84
  OR3                  ORIFICE     0.257     0  12:10                      1.00
  
  
  ***************************
  Flow Classification Summary
  ***************************
  
  -------------------------------------------------------------------------------------
                      Adjusted    ---------- Fraction of Time in Flow Class ---------- 
                       /Actual         Up    Down  Sub   Sup   Up    Down  Norm  Inlet 
  Conduit               Length    Dry  Dry   Dry   Crit  Crit  Crit  Crit  Ltd   Ctrl  
  -------------------------------------------------------------------------------------
  C1_1                    1.00   0.00  0.00  0.00  1.00  0.00  0.00  0.00  0.76  0.00
  C1_2                    1.00   0.00  0.00  0.00  1.00  0.00  0.00  0.00  0.72  0.00
  C1_3                    1.00   0.00  0.00  0.00  1.00  0.00  0.00  0.00  0.02  0.00
  C2_1                    1.00   0.00  0.00  0.00  1.00  0.00  0.00  0.00  0.99  0.00
  C2_10                   1.00   0.00  0.00  0.00  1.00  0.00  0.00  0.00  0.99  0.00
  C2_11                   1.00   0.00  0.00  0.00  1.00  0.00  0.00  0.00  0.89  0.00
  C2_12                   1.00   0.00  0.00  0.00  1.00  0.00  0.00  0.00  0.80  0.00
  C2_13                   1.00   0.00  0.00  0.00  1.00  0.00  0.00  0.00  0.66  0.00
  C2_14                   1.00   0.00  0.00  0.00  1.00  0.00  0.00  0.00  0.00  0.00
  C2_15                   1.00   0.00  0.00  0.00  1.00  0.00  0.00  0.00  0.62  0.00
  C2_16                   1.00   0.00  0.00  0.00  1.00  0.00  0.00  0.00  0.96  0.00
  C2_17                   1.00   0.00  0.00  0.00  1.00  0.00  0.00  0.00  0.07  0.00
  C2_2                    1.00   0.00  0.00  0.00  1.00  0.00  0.00  0.00  0.93  0.00
  C2_3                    1.00   0.00  0.00  0.00  1.00  0.00  0.00  0.00  0.80  0.00
  C2_4                    1.00   0.00  0.00  0.00  1.00  0.00  0.00  0.00  0.80  0.00
  C2_5                    1.00   0.00  0.00  0.00  1.00  0.00  0.00  0.00  0.93  0.00
  C2_6                    1.00   0.00  0.00  0.00  1.00  0.00  0.00  0.00  0.99  0.00
  C2_7                    1.00   0.00  0.00  0.00  1.00  0.00  0.00  0.00  0.80  0.00
  C2_8                    1.00   0.00  0.00  0.00  1.00  0.00  0.00  0.00  0.78  0.00
  C2_9                    1.00   0.00  0.00  0.00  1.00  0.00  0.00  0.00  0.73  0.00
  C3_1                    1.00   0.00  0.00  0.00  1.00  0.00  0.00  0.00  0.04  0.00
  C3_2                    1.00   0.00  0.00  0.00  1.00  0.00  0.00  0.00  0.74  0.00
  C3_3                    1.00   0.00  0.00  0.00  1.00  0.00  0.00  0.00  0.74  0.00
  CI_1                    1.00   0.00  0.00  0.00  1.00  0.00  0.00  0.00  0.97  0.00
  CI_2                    1.00   0.00  0.00  0.00  1.00  0.00  0.00  0.00  0.93  0.00
  CI_3                    1.00   0.00  0.00  0.00  0.99  0.00  0.00  0.00  0.31  0.00
  
  
  *************************
  Conduit Surcharge Summary
  *************************
  
  ----------------------------------------------------------------------------
                                                           Hours        Hours 
                         --------- Hours Full --------   Above Full   Capacity
  Conduit                Both Ends  Upstream  Dnstream   Normal Flow   Limited
  ----------------------------------------------------------------------------
  C3_1                        0.01      0.01      0.01      0.17         0.01
  CI_3                        0.01      0.01      5.33      0.01         0.01
  

  Analysis begun on:  Wed Feb 19 23:10:00 2025
  Analysis ended on:  Wed Feb 19 23:10:00 2025
  Total elapsed time: < 1 sec